[2026-02-08T00:22:55.870Z] POST /api/auth/login | Origin: undefined | Body: {"email":"master@quarks.solar","password":"master123"}
[2026-02-08T00:30:01.955Z] POST /api/auth/login | Origin: undefined | Body: {"email":"master@quarks.solar","password":"master123"}
[2026-02-08T00:32:49.088Z] POST /api/auth/login | Origin: http://localhost:5173 | Body: {"email":"master@quarks.solar","password":"master123"}
[2026-02-08T00:32:49.551Z] GET /api/analytics/activity | Origin: undefined | Body: undefined
[2026-02-08T00:32:49.554Z] GET /api/analytics/dashboard | Origin: undefined | Body: undefined
[2026-02-08T00:32:49.556Z] GET /api/leads/pipeline | Origin: undefined | Body: undefined
[2026-02-08T00:32:49.559Z] GET /api/analytics/funnel | Origin: undefined | Body: undefined
[2026-02-08T00:32:49.603Z] GET /api/leads/pipeline | Origin: undefined | Body: undefined
[2026-02-08T00:32:49.609Z] GET /api/analytics/activity | Origin: undefined | Body: undefined
[2026-02-08T00:32:49.675Z] GET /api/analytics/funnel | Origin: undefined | Body: undefined
[2026-02-08T00:32:49.698Z] GET /api/analytics/dashboard | Origin: undefined | Body: undefined
[2026-02-08T00:33:11.556Z] GET /api/leads/pipeline | Origin: undefined | Body: undefined
[2026-02-08T00:33:11.564Z] GET /api/leads/pipeline | Origin: undefined | Body: undefined
[2026-02-08T00:33:16.767Z] GET /api/messages/lead/f30a84fc-fa57-405a-b28b-059819f74d96 | Origin: undefined | Body: undefined
[2026-02-08T00:33:16.770Z] PATCH /api/messages/read/f30a84fc-fa57-405a-b28b-059819f74d96 | Origin: http://localhost:5173 | Body: undefined
[2026-02-08T00:33:16.771Z] GET /api/leads/f30a84fc-fa57-405a-b28b-059819f74d96 | Origin: undefined | Body: undefined
[2026-02-08T00:33:16.773Z] PATCH /api/messages/read/f30a84fc-fa57-405a-b28b-059819f74d96 | Origin: http://localhost:5173 | Body: undefined
[2026-02-08T00:33:16.842Z] GET /api/messages/lead/f30a84fc-fa57-405a-b28b-059819f74d96 | Origin: undefined | Body: undefined
[2026-02-08T00:33:16.858Z] PATCH /api/messages/read/f30a84fc-fa57-405a-b28b-059819f74d96 | Origin: http://localhost:5173 | Body: undefined
[2026-02-08T00:33:16.860Z] PATCH /api/messages/read/f30a84fc-fa57-405a-b28b-059819f74d96 | Origin: http://localhost:5173 | Body: undefined
[2026-02-08T00:33:16.861Z] GET /api/messages/lead/f30a84fc-fa57-405a-b28b-059819f74d96 | Origin: undefined | Body: undefined
[2026-02-08T00:33:16.869Z] GET /api/messages/lead/f30a84fc-fa57-405a-b28b-059819f74d96 | Origin: undefined | Body: undefined
[2026-02-08T00:33:20.299Z] GET /api/leads/2999c905-8de0-4f5d-a2d9-63bb2e8e0272 | Origin: undefined | Body: undefined
[2026-02-08T00:33:20.301Z] GET /api/leads/f30a84fc-fa57-405a-b28b-059819f74d96 | Origin: undefined | Body: undefined
[2026-02-08T00:33:20.343Z] GET /api/leads/2999c905-8de0-4f5d-a2d9-63bb2e8e0272 | Origin: undefined | Body: undefined
[2026-02-08T00:33:20.391Z] GET /api/messages/lead/2999c905-8de0-4f5d-a2d9-63bb2e8e0272 | Origin: undefined | Body: undefined
[2026-02-08T00:33:20.392Z] PATCH /api/messages/read/2999c905-8de0-4f5d-a2d9-63bb2e8e0272 | Origin: http://localhost:5173 | Body: undefined
[2026-02-08T00:33:20.394Z] PATCH /api/messages/read/2999c905-8de0-4f5d-a2d9-63bb2e8e0272 | Origin: http://localhost:5173 | Body: undefined
[2026-02-08T00:33:20.403Z] GET /api/messages/lead/2999c905-8de0-4f5d-a2d9-63bb2e8e0272 | Origin: undefined | Body: undefined
[2026-02-08T00:33:22.786Z] GET /api/leads/a2a4d358-fbd9-4174-bff7-6fada21c84d9 | Origin: undefined | Body: undefined
[2026-02-08T00:33:22.788Z] GET /api/leads/2999c905-8de0-4f5d-a2d9-63bb2e8e0272 | Origin: undefined | Body: undefined
[2026-02-08T00:33:22.863Z] PATCH /api/messages/read/2999c905-8de0-4f5d-a2d9-63bb2e8e0272 | Origin: http://localhost:5173 | Body: undefined
[2026-02-08T00:33:22.864Z] GET /api/messages/lead/2999c905-8de0-4f5d-a2d9-63bb2e8e0272 | Origin: undefined | Body: undefined
[2026-02-08T00:33:22.865Z] GET /api/leads/a2a4d358-fbd9-4174-bff7-6fada21c84d9 | Origin: undefined | Body: undefined
[2026-02-08T00:33:22.866Z] PATCH /api/messages/read/2999c905-8de0-4f5d-a2d9-63bb2e8e0272 | Origin: http://localhost:5173 | Body: undefined
[2026-02-08T00:33:22.871Z] GET /api/messages/lead/2999c905-8de0-4f5d-a2d9-63bb2e8e0272 | Origin: undefined | Body: undefined
[2026-02-08T00:33:22.932Z] GET /api/messages/lead/a2a4d358-fbd9-4174-bff7-6fada21c84d9 | Origin: undefined | Body: undefined
[2026-02-08T00:33:22.933Z] PATCH /api/messages/read/a2a4d358-fbd9-4174-bff7-6fada21c84d9 | Origin: http://localhost:5173 | Body: undefined
[2026-02-08T00:33:22.934Z] PATCH /api/messages/read/a2a4d358-fbd9-4174-bff7-6fada21c84d9 | Origin: http://localhost:5173 | Body: undefined
[2026-02-08T00:33:22.941Z] GET /api/messages/lead/a2a4d358-fbd9-4174-bff7-6fada21c84d9 | Origin: undefined | Body: undefined
[2026-02-08T00:33:29.695Z] GET /api/projects | Origin: undefined | Body: undefined
[2026-02-08T00:33:29.697Z] GET /api/projects/kanban | Origin: undefined | Body: undefined
[2026-02-08T00:33:29.749Z] GET /api/projects | Origin: undefined | Body: undefined
[2026-02-08T00:33:29.766Z] GET /api/projects/kanban | Origin: undefined | Body: undefined
[2026-02-08T00:33:33.244Z] GET /api/analytics/dashboard | Origin: undefined | Body: undefined
[2026-02-08T00:33:33.247Z] GET /api/leads/pipeline | Origin: undefined | Body: undefined
[2026-02-08T00:33:33.252Z] GET /api/analytics/activity | Origin: undefined | Body: undefined
[2026-02-08T00:33:33.254Z] GET /api/analytics/funnel | Origin: undefined | Body: undefined
[2026-02-08T00:33:33.260Z] GET /api/leads/pipeline | Origin: undefined | Body: undefined
[2026-02-08T00:33:33.261Z] GET /api/analytics/funnel | Origin: undefined | Body: undefined
[2026-02-08T00:33:33.263Z] GET /api/analytics/activity | Origin: undefined | Body: undefined
[2026-02-08T00:33:33.269Z] GET /api/analytics/dashboard | Origin: undefined | Body: undefined
[2026-02-08T00:33:34.832Z] GET /api/analytics/dashboard | Origin: undefined | Body: undefined
[2026-02-08T00:33:34.834Z] GET /api/leads/pipeline | Origin: undefined | Body: undefined
[2026-02-08T00:33:34.834Z] GET /api/analytics/activity | Origin: undefined | Body: undefined
[2026-02-08T00:33:34.835Z] GET /api/analytics/funnel | Origin: undefined | Body: undefined
[2026-02-08T00:33:34.841Z] GET /api/leads/pipeline | Origin: undefined | Body: undefined
[2026-02-08T00:33:34.845Z] GET /api/analytics/funnel | Origin: undefined | Body: undefined
[2026-02-08T00:33:34.846Z] GET /api/analytics/activity | Origin: undefined | Body: undefined
[2026-02-08T00:33:34.847Z] GET /api/analytics/dashboard | Origin: undefined | Body: undefined
[2026-02-08T00:34:05.225Z] GET /api/analytics/dashboard | Origin: undefined | Body: undefined
[2026-02-08T00:34:05.226Z] GET /api/leads/pipeline | Origin: undefined | Body: undefined
[2026-02-08T00:34:05.227Z] GET /api/analytics/activity | Origin: undefined | Body: undefined
[2026-02-08T00:34:05.227Z] GET /api/analytics/funnel | Origin: undefined | Body: undefined
[2026-02-08T00:34:35.234Z] GET /api/analytics/dashboard | Origin: undefined | Body: undefined
[2026-02-08T00:34:35.235Z] GET /api/leads/pipeline | Origin: undefined | Body: undefined
[2026-02-08T00:34:35.236Z] GET /api/analytics/activity | Origin: undefined | Body: undefined
[2026-02-08T00:34:35.236Z] GET /api/analytics/funnel | Origin: undefined | Body: undefined
[2026-02-08T00:35:05.232Z] GET /api/analytics/dashboard | Origin: undefined | Body: undefined
[2026-02-08T00:35:05.233Z] GET /api/leads/pipeline | Origin: undefined | Body: undefined
[2026-02-08T00:35:05.234Z] GET /api/analytics/activity | Origin: undefined | Body: undefined
[2026-02-08T00:35:05.235Z] GET /api/analytics/funnel | Origin: undefined | Body: undefined
[2026-02-08T00:35:35.237Z] GET /api/analytics/dashboard | Origin: undefined | Body: undefined
[2026-02-08T00:35:35.238Z] GET /api/leads/pipeline | Origin: undefined | Body: undefined
[2026-02-08T00:35:35.239Z] GET /api/analytics/activity | Origin: undefined | Body: undefined
[2026-02-08T00:35:35.240Z] GET /api/analytics/funnel | Origin: undefined | Body: undefined
[2026-02-08T00:36:05.231Z] GET /api/analytics/dashboard | Origin: undefined | Body: undefined
[2026-02-08T00:36:05.232Z] GET /api/leads/pipeline | Origin: undefined | Body: undefined
[2026-02-08T00:36:05.234Z] GET /api/analytics/activity | Origin: undefined | Body: undefined
[2026-02-08T00:36:05.235Z] GET /api/analytics/funnel | Origin: undefined | Body: undefined
[2026-02-08T00:36:35.233Z] GET /api/analytics/dashboard | Origin: undefined | Body: undefined
[2026-02-08T00:36:35.235Z] GET /api/leads/pipeline | Origin: undefined | Body: undefined
[2026-02-08T00:36:35.235Z] GET /api/analytics/activity | Origin: undefined | Body: undefined
[2026-02-08T00:36:35.236Z] GET /api/analytics/funnel | Origin: undefined | Body: undefined
[2026-02-08T00:37:21.228Z] GET /api/analytics/dashboard | Origin: undefined | Body: undefined
[2026-02-08T00:37:21.229Z] GET /api/leads/pipeline | Origin: undefined | Body: undefined
[2026-02-08T00:37:21.230Z] GET /api/analytics/activity | Origin: undefined | Body: undefined
[2026-02-08T00:37:21.230Z] GET /api/analytics/funnel | Origin: undefined | Body: undefined
[2026-02-08T00:38:22.229Z] GET /api/analytics/dashboard | Origin: undefined | Body: undefined
[2026-02-08T00:38:22.230Z] GET /api/leads/pipeline | Origin: undefined | Body: undefined
[2026-02-08T00:38:22.230Z] GET /api/analytics/activity | Origin: undefined | Body: undefined
[2026-02-08T00:38:22.231Z] GET /api/analytics/funnel | Origin: undefined | Body: undefined
[2026-02-08T00:39:23.237Z] GET /api/analytics/dashboard | Origin: undefined | Body: undefined
[2026-02-08T00:39:23.239Z] GET /api/leads/pipeline | Origin: undefined | Body: undefined
[2026-02-08T00:39:23.240Z] GET /api/analytics/activity | Origin: undefined | Body: undefined
[2026-02-08T00:39:23.240Z] GET /api/analytics/funnel | Origin: undefined | Body: undefined
[2026-02-08T00:40:24.236Z] GET /api/analytics/dashboard | Origin: undefined | Body: undefined
[2026-02-08T00:40:24.237Z] GET /api/leads/pipeline | Origin: undefined | Body: undefined
[2026-02-08T00:40:24.237Z] GET /api/analytics/activity | Origin: undefined | Body: undefined
[2026-02-08T00:40:24.238Z] GET /api/analytics/funnel | Origin: undefined | Body: undefined
[2026-02-08T00:41:25.232Z] GET /api/analytics/dashboard | Origin: undefined | Body: undefined
[2026-02-08T00:41:25.233Z] GET /api/leads/pipeline | Origin: undefined | Body: undefined
[2026-02-08T00:41:25.233Z] GET /api/analytics/activity | Origin: undefined | Body: undefined
[2026-02-08T00:41:25.234Z] GET /api/analytics/funnel | Origin: undefined | Body: undefined
[2026-02-08T00:42:26.232Z] GET /api/analytics/dashboard | Origin: undefined | Body: undefined
[2026-02-08T00:42:26.233Z] GET /api/leads/pipeline | Origin: undefined | Body: undefined
[2026-02-08T00:42:26.233Z] GET /api/analytics/activity | Origin: undefined | Body: undefined
[2026-02-08T00:42:26.234Z] GET /api/analytics/funnel | Origin: undefined | Body: undefined
[2026-02-08T00:43:27.236Z] GET /api/analytics/dashboard | Origin: undefined | Body: undefined
[2026-02-08T00:43:27.237Z] GET /api/leads/pipeline | Origin: undefined | Body: undefined
[2026-02-08T00:43:27.238Z] GET /api/analytics/activity | Origin: undefined | Body: undefined
[2026-02-08T00:43:27.238Z] GET /api/analytics/funnel | Origin: undefined | Body: undefined
[2026-02-08T00:44:28.225Z] GET /api/analytics/dashboard | Origin: undefined | Body: undefined
[2026-02-08T00:44:28.226Z] GET /api/leads/pipeline | Origin: undefined | Body: undefined
[2026-02-08T00:44:28.227Z] GET /api/analytics/activity | Origin: undefined | Body: undefined
[2026-02-08T00:44:28.228Z] GET /api/analytics/funnel | Origin: undefined | Body: undefined
[2026-02-08T00:45:29.235Z] GET /api/analytics/dashboard | Origin: undefined | Body: undefined
[2026-02-08T00:45:29.235Z] GET /api/leads/pipeline | Origin: undefined | Body: undefined
[2026-02-08T00:45:29.236Z] GET /api/analytics/activity | Origin: undefined | Body: undefined
[2026-02-08T00:45:29.237Z] GET /api/analytics/funnel | Origin: undefined | Body: undefined
[2026-02-08T00:46:30.231Z] GET /api/analytics/dashboard | Origin: undefined | Body: undefined
[2026-02-08T00:46:30.232Z] GET /api/leads/pipeline | Origin: undefined | Body: undefined
[2026-02-08T00:46:30.232Z] GET /api/analytics/activity | Origin: undefined | Body: undefined
[2026-02-08T00:46:30.233Z] GET /api/analytics/funnel | Origin: undefined | Body: undefined
[2026-02-08T00:47:31.226Z] GET /api/analytics/dashboard | Origin: undefined | Body: undefined
[2026-02-08T00:47:31.227Z] GET /api/leads/pipeline | Origin: undefined | Body: undefined
[2026-02-08T00:47:31.228Z] GET /api/analytics/activity | Origin: undefined | Body: undefined
[2026-02-08T00:47:31.229Z] GET /api/analytics/funnel | Origin: undefined | Body: undefined
[2026-02-08T00:48:32.225Z] GET /api/analytics/dashboard | Origin: undefined | Body: undefined
[2026-02-08T00:48:32.225Z] GET /api/leads/pipeline | Origin: undefined | Body: undefined
[2026-02-08T00:48:32.226Z] GET /api/analytics/activity | Origin: undefined | Body: undefined
[2026-02-08T00:48:32.227Z] GET /api/analytics/funnel | Origin: undefined | Body: undefined
[2026-02-08T00:49:33.238Z] GET /api/analytics/dashboard | Origin: undefined | Body: undefined
[2026-02-08T00:49:33.239Z] GET /api/leads/pipeline | Origin: undefined | Body: undefined
[2026-02-08T00:49:33.240Z] GET /api/analytics/activity | Origin: undefined | Body: undefined
[2026-02-08T00:49:33.240Z] GET /api/analytics/funnel | Origin: undefined | Body: undefined
[2026-02-08T00:50:33.230Z] GET /api/analytics/dashboard | Origin: undefined | Body: undefined
[2026-02-08T00:50:33.231Z] GET /api/leads/pipeline | Origin: undefined | Body: undefined
[2026-02-08T00:50:33.232Z] GET /api/analytics/activity | Origin: undefined | Body: undefined
[2026-02-08T00:50:33.233Z] GET /api/analytics/funnel | Origin: undefined | Body: undefined
[2026-02-08T00:51:33.231Z] GET /api/analytics/dashboard | Origin: undefined | Body: undefined
[2026-02-08T00:51:33.232Z] GET /api/leads/pipeline | Origin: undefined | Body: undefined
[2026-02-08T00:51:33.232Z] GET /api/analytics/activity | Origin: undefined | Body: undefined
[2026-02-08T00:51:33.233Z] GET /api/analytics/funnel | Origin: undefined | Body: undefined
[2026-02-08T00:52:33.230Z] GET /api/analytics/dashboard | Origin: undefined | Body: undefined
[2026-02-08T00:52:33.231Z] GET /api/leads/pipeline | Origin: undefined | Body: undefined
[2026-02-08T00:52:33.232Z] GET /api/analytics/activity | Origin: undefined | Body: undefined
[2026-02-08T00:52:33.232Z] GET /api/analytics/funnel | Origin: undefined | Body: undefined
[2026-02-08T00:53:33.238Z] GET /api/analytics/dashboard | Origin: undefined | Body: undefined
[2026-02-08T00:53:33.239Z] GET /api/leads/pipeline | Origin: undefined | Body: undefined
[2026-02-08T00:53:33.239Z] GET /api/analytics/activity | Origin: undefined | Body: undefined
[2026-02-08T00:53:33.240Z] GET /api/analytics/funnel | Origin: undefined | Body: undefined
[2026-02-08T00:54:33.238Z] GET /api/analytics/dashboard | Origin: undefined | Body: undefined
[2026-02-08T00:54:33.240Z] GET /api/leads/pipeline | Origin: undefined | Body: undefined
[2026-02-08T00:54:33.241Z] GET /api/analytics/activity | Origin: undefined | Body: undefined
[2026-02-08T00:54:33.241Z] GET /api/analytics/funnel | Origin: undefined | Body: undefined
[2026-02-08T00:55:33.225Z] GET /api/analytics/dashboard | Origin: undefined | Body: undefined
[2026-02-08T00:55:33.226Z] GET /api/leads/pipeline | Origin: undefined | Body: undefined
[2026-02-08T00:55:33.227Z] GET /api/analytics/activity | Origin: undefined | Body: undefined
[2026-02-08T00:55:33.227Z] GET /api/analytics/funnel | Origin: undefined | Body: undefined
[2026-02-08T00:56:33.230Z] GET /api/analytics/dashboard | Origin: undefined | Body: undefined
[2026-02-08T00:56:33.231Z] GET /api/leads/pipeline | Origin: undefined | Body: undefined
[2026-02-08T00:56:33.231Z] GET /api/analytics/activity | Origin: undefined | Body: undefined
[2026-02-08T00:56:33.232Z] GET /api/analytics/funnel | Origin: undefined | Body: undefined
[2026-02-08T00:57:33.229Z] GET /api/analytics/dashboard | Origin: undefined | Body: undefined
[2026-02-08T00:57:33.230Z] GET /api/leads/pipeline | Origin: undefined | Body: undefined
[2026-02-08T00:57:33.231Z] GET /api/analytics/activity | Origin: undefined | Body: undefined
[2026-02-08T00:57:33.232Z] GET /api/analytics/funnel | Origin: undefined | Body: undefined
[2026-02-08T00:58:33.226Z] GET /api/analytics/dashboard | Origin: undefined | Body: undefined
[2026-02-08T00:58:33.226Z] GET /api/leads/pipeline | Origin: undefined | Body: undefined
[2026-02-08T00:58:33.227Z] GET /api/analytics/activity | Origin: undefined | Body: undefined
[2026-02-08T00:58:33.227Z] GET /api/analytics/funnel | Origin: undefined | Body: undefined
[2026-02-08T00:59:33.240Z] GET /api/analytics/dashboard | Origin: undefined | Body: undefined
[2026-02-08T00:59:33.241Z] GET /api/leads/pipeline | Origin: undefined | Body: undefined
[2026-02-08T00:59:33.242Z] GET /api/analytics/activity | Origin: undefined | Body: undefined
[2026-02-08T00:59:33.243Z] GET /api/analytics/funnel | Origin: undefined | Body: undefined
[2026-02-08T01:00:33.230Z] GET /api/analytics/dashboard | Origin: undefined | Body: undefined
[2026-02-08T01:00:33.231Z] GET /api/leads/pipeline | Origin: undefined | Body: undefined
[2026-02-08T01:00:33.232Z] GET /api/analytics/activity | Origin: undefined | Body: undefined
[2026-02-08T01:00:33.232Z] GET /api/analytics/funnel | Origin: undefined | Body: undefined
[2026-02-08T01:01:33.228Z] GET /api/analytics/dashboard | Origin: undefined | Body: undefined
[2026-02-08T01:01:33.229Z] GET /api/leads/pipeline | Origin: undefined | Body: undefined
[2026-02-08T01:01:33.229Z] GET /api/analytics/activity | Origin: undefined | Body: undefined
[2026-02-08T01:01:33.230Z] GET /api/analytics/funnel | Origin: undefined | Body: undefined
[2026-02-08T01:01:45.285Z] GET /api/analytics/dashboard | Origin: undefined | Body: undefined
[2026-02-08T01:01:45.286Z] GET /api/leads/pipeline | Origin: undefined | Body: undefined
[2026-02-08T01:01:45.287Z] GET /api/analytics/activity | Origin: undefined | Body: undefined
[2026-02-08T01:01:45.287Z] GET /api/analytics/funnel | Origin: undefined | Body: undefined
[2026-02-08T01:01:45.293Z] GET /api/leads/pipeline | Origin: undefined | Body: undefined
[2026-02-08T01:01:45.294Z] GET /api/analytics/funnel | Origin: undefined | Body: undefined
[2026-02-08T01:01:45.295Z] GET /api/analytics/activity | Origin: undefined | Body: undefined
[2026-02-08T01:01:45.301Z] GET /api/analytics/dashboard | Origin: undefined | Body: undefined
[2026-02-08T01:01:47.282Z] GET /api/analytics/dashboard | Origin: undefined | Body: undefined
[2026-02-08T01:01:47.282Z] GET /api/leads/pipeline | Origin: undefined | Body: undefined
[2026-02-08T01:01:47.283Z] GET /api/analytics/activity | Origin: undefined | Body: undefined
[2026-02-08T01:01:47.284Z] GET /api/analytics/funnel | Origin: undefined | Body: undefined
[2026-02-08T01:01:47.289Z] GET /api/leads/pipeline | Origin: undefined | Body: undefined
[2026-02-08T01:01:47.291Z] GET /api/analytics/funnel | Origin: undefined | Body: undefined
[2026-02-08T01:01:47.293Z] GET /api/analytics/activity | Origin: undefined | Body: undefined
[2026-02-08T01:01:47.294Z] GET /api/analytics/dashboard | Origin: undefined | Body: undefined
[2026-02-08T01:02:18.235Z] GET /api/analytics/dashboard | Origin: undefined | Body: undefined
[2026-02-08T01:02:18.235Z] GET /api/leads/pipeline | Origin: undefined | Body: undefined
[2026-02-08T01:02:18.236Z] GET /api/analytics/activity | Origin: undefined | Body: undefined
[2026-02-08T01:02:18.236Z] GET /api/analytics/funnel | Origin: undefined | Body: undefined
[2026-02-08T01:02:48.228Z] GET /api/analytics/dashboard | Origin: undefined | Body: undefined
[2026-02-08T01:02:48.229Z] GET /api/leads/pipeline | Origin: undefined | Body: undefined
[2026-02-08T01:02:48.230Z] GET /api/analytics/activity | Origin: undefined | Body: undefined
[2026-02-08T01:02:48.230Z] GET /api/analytics/funnel | Origin: undefined | Body: undefined
[2026-02-08T01:02:51.281Z] GET /api/analytics/dashboard | Origin: undefined | Body: undefined
[2026-02-08T01:02:51.281Z] GET /api/leads/pipeline | Origin: undefined | Body: undefined
[2026-02-08T01:02:51.282Z] GET /api/analytics/activity | Origin: undefined | Body: undefined
[2026-02-08T01:02:51.283Z] GET /api/analytics/funnel | Origin: undefined | Body: undefined
[2026-02-08T01:02:51.288Z] GET /api/leads/pipeline | Origin: undefined | Body: undefined
[2026-02-08T01:02:51.289Z] GET /api/analytics/funnel | Origin: undefined | Body: undefined
[2026-02-08T01:02:51.289Z] GET /api/analytics/activity | Origin: undefined | Body: undefined
[2026-02-08T01:02:51.294Z] GET /api/analytics/dashboard | Origin: undefined | Body: undefined
[2026-02-08T01:03:22.236Z] GET /api/analytics/dashboard | Origin: undefined | Body: undefined
[2026-02-08T01:03:22.237Z] GET /api/leads/pipeline | Origin: undefined | Body: undefined
[2026-02-08T01:03:22.237Z] GET /api/analytics/activity | Origin: undefined | Body: undefined
[2026-02-08T01:03:22.238Z] GET /api/analytics/funnel | Origin: undefined | Body: undefined
[2026-02-08T01:03:52.229Z] GET /api/analytics/dashboard | Origin: undefined | Body: undefined
[2026-02-08T01:03:52.229Z] GET /api/leads/pipeline | Origin: undefined | Body: undefined
[2026-02-08T01:03:52.230Z] GET /api/analytics/activity | Origin: undefined | Body: undefined
[2026-02-08T01:03:52.230Z] GET /api/analytics/funnel | Origin: undefined | Body: undefined
[2026-02-08T01:04:22.227Z] GET /api/analytics/dashboard | Origin: undefined | Body: undefined
[2026-02-08T01:04:22.228Z] GET /api/leads/pipeline | Origin: undefined | Body: undefined
[2026-02-08T01:04:22.228Z] GET /api/analytics/activity | Origin: undefined | Body: undefined
[2026-02-08T01:04:22.229Z] GET /api/analytics/funnel | Origin: undefined | Body: undefined
[2026-02-08T01:04:52.232Z] GET /api/analytics/dashboard | Origin: undefined | Body: undefined
[2026-02-08T01:04:52.233Z] GET /api/leads/pipeline | Origin: undefined | Body: undefined
[2026-02-08T01:04:52.234Z] GET /api/analytics/activity | Origin: undefined | Body: undefined
[2026-02-08T01:04:52.234Z] GET /api/analytics/funnel | Origin: undefined | Body: undefined
[2026-02-08T01:05:01.298Z] GET /api/analytics/dashboard | Origin: undefined | Body: undefined
[2026-02-08T01:05:01.299Z] GET /api/leads/pipeline | Origin: undefined | Body: undefined
[2026-02-08T01:05:01.299Z] GET /api/analytics/activity | Origin: undefined | Body: undefined
[2026-02-08T01:05:01.300Z] GET /api/analytics/funnel | Origin: undefined | Body: undefined
[2026-02-08T01:05:32.229Z] GET /api/analytics/dashboard | Origin: undefined | Body: undefined
[2026-02-08T01:05:32.230Z] GET /api/leads/pipeline | Origin: undefined | Body: undefined
[2026-02-08T01:05:32.231Z] GET /api/analytics/activity | Origin: undefined | Body: undefined
[2026-02-08T01:05:32.231Z] GET /api/analytics/funnel | Origin: undefined | Body: undefined
[2026-02-08T01:06:02.230Z] GET /api/analytics/dashboard | Origin: undefined | Body: undefined
[2026-02-08T01:06:02.230Z] GET /api/leads/pipeline | Origin: undefined | Body: undefined
[2026-02-08T01:06:02.231Z] GET /api/analytics/activity | Origin: undefined | Body: undefined
[2026-02-08T01:06:02.232Z] GET /api/analytics/funnel | Origin: undefined | Body: undefined
[2026-02-08T01:06:32.233Z] GET /api/analytics/dashboard | Origin: undefined | Body: undefined
[2026-02-08T01:06:32.233Z] GET /api/leads/pipeline | Origin: undefined | Body: undefined
[2026-02-08T01:06:32.234Z] GET /api/analytics/activity | Origin: undefined | Body: undefined
[2026-02-08T01:06:32.235Z] GET /api/analytics/funnel | Origin: undefined | Body: undefined
[2026-02-08T01:07:02.236Z] GET /api/analytics/dashboard | Origin: undefined | Body: undefined
[2026-02-08T01:07:02.236Z] GET /api/leads/pipeline | Origin: undefined | Body: undefined
[2026-02-08T01:07:02.237Z] GET /api/analytics/activity | Origin: undefined | Body: undefined
[2026-02-08T01:07:02.238Z] GET /api/analytics/funnel | Origin: undefined | Body: undefined
[2026-02-08T01:07:32.229Z] GET /api/analytics/dashboard | Origin: undefined | Body: undefined
[2026-02-08T01:07:32.230Z] GET /api/leads/pipeline | Origin: undefined | Body: undefined
[2026-02-08T01:07:32.231Z] GET /api/analytics/activity | Origin: undefined | Body: undefined
[2026-02-08T01:07:32.231Z] GET /api/analytics/funnel | Origin: undefined | Body: undefined
[2026-02-08T01:08:33.227Z] GET /api/analytics/dashboard | Origin: undefined | Body: undefined
[2026-02-08T01:08:33.228Z] GET /api/leads/pipeline | Origin: undefined | Body: undefined
[2026-02-08T01:08:33.229Z] GET /api/analytics/activity | Origin: undefined | Body: undefined
[2026-02-08T01:08:33.229Z] GET /api/analytics/funnel | Origin: undefined | Body: undefined
[2026-02-08T01:09:33.241Z] GET /api/analytics/dashboard | Origin: undefined | Body: undefined
[2026-02-08T01:09:33.242Z] GET /api/leads/pipeline | Origin: undefined | Body: undefined
[2026-02-08T01:09:33.243Z] GET /api/analytics/activity | Origin: undefined | Body: undefined
[2026-02-08T01:09:33.243Z] GET /api/analytics/funnel | Origin: undefined | Body: undefined
[2026-02-08T01:10:33.237Z] GET /api/analytics/dashboard | Origin: undefined | Body: undefined
[2026-02-08T01:10:33.238Z] GET /api/leads/pipeline | Origin: undefined | Body: undefined
[2026-02-08T01:10:33.239Z] GET /api/analytics/activity | Origin: undefined | Body: undefined
[2026-02-08T01:10:33.240Z] GET /api/analytics/funnel | Origin: undefined | Body: undefined
[2026-02-08T01:11:33.230Z] GET /api/analytics/dashboard | Origin: undefined | Body: undefined
[2026-02-08T01:11:33.230Z] GET /api/leads/pipeline | Origin: undefined | Body: undefined
[2026-02-08T01:11:33.231Z] GET /api/analytics/activity | Origin: undefined | Body: undefined
[2026-02-08T01:11:33.232Z] GET /api/analytics/funnel | Origin: undefined | Body: undefined
[2026-02-08T01:12:33.237Z] GET /api/analytics/dashboard | Origin: undefined | Body: undefined
[2026-02-08T01:12:33.238Z] GET /api/leads/pipeline | Origin: undefined | Body: undefined
[2026-02-08T01:12:33.239Z] GET /api/analytics/activity | Origin: undefined | Body: undefined
[2026-02-08T01:12:33.239Z] GET /api/analytics/funnel | Origin: undefined | Body: undefined
[2026-02-08T01:12:38.289Z] GET /api/analytics/dashboard | Origin: undefined | Body: undefined
[2026-02-08T01:12:38.290Z] GET /api/leads/pipeline | Origin: undefined | Body: undefined
[2026-02-08T01:12:38.290Z] GET /api/analytics/activity | Origin: undefined | Body: undefined
[2026-02-08T01:12:38.291Z] GET /api/analytics/funnel | Origin: undefined | Body: undefined
[2026-02-08T01:12:38.295Z] GET /api/leads/pipeline | Origin: undefined | Body: undefined
[2026-02-08T01:12:38.297Z] GET /api/analytics/funnel | Origin: undefined | Body: undefined
[2026-02-08T01:12:38.298Z] GET /api/analytics/activity | Origin: undefined | Body: undefined
[2026-02-08T01:12:38.300Z] GET /api/analytics/dashboard | Origin: undefined | Body: undefined
[2026-02-08T01:12:43.272Z] GET /api/analytics/dashboard | Origin: undefined | Body: undefined
[2026-02-08T01:12:43.273Z] GET /api/leads/pipeline | Origin: undefined | Body: undefined
[2026-02-08T01:12:43.274Z] GET /api/analytics/activity | Origin: undefined | Body: undefined
[2026-02-08T01:12:43.275Z] GET /api/analytics/funnel | Origin: undefined | Body: undefined
[2026-02-08T01:12:43.280Z] GET /api/leads/pipeline | Origin: undefined | Body: undefined
[2026-02-08T01:12:43.282Z] GET /api/analytics/funnel | Origin: undefined | Body: undefined
[2026-02-08T01:12:43.283Z] GET /api/analytics/activity | Origin: undefined | Body: undefined
[2026-02-08T01:12:43.284Z] GET /api/analytics/dashboard | Origin: undefined | Body: undefined
[2026-02-08T01:12:47.298Z] GET /api/analytics/dashboard | Origin: undefined | Body: undefined
[2026-02-08T01:12:47.299Z] GET /api/leads/pipeline | Origin: undefined | Body: undefined
[2026-02-08T01:12:47.299Z] GET /api/analytics/activity | Origin: undefined | Body: undefined
[2026-02-08T01:12:47.300Z] GET /api/analytics/funnel | Origin: undefined | Body: undefined
[2026-02-08T01:12:47.304Z] GET /api/leads/pipeline | Origin: undefined | Body: undefined
[2026-02-08T01:12:47.306Z] GET /api/analytics/funnel | Origin: undefined | Body: undefined
[2026-02-08T01:12:47.307Z] GET /api/analytics/activity | Origin: undefined | Body: undefined
[2026-02-08T01:12:47.312Z] GET /api/analytics/dashboard | Origin: undefined | Body: undefined
[2026-02-08T01:13:18.242Z] GET /api/analytics/dashboard | Origin: undefined | Body: undefined
[2026-02-08T01:13:18.242Z] GET /api/leads/pipeline | Origin: undefined | Body: undefined
[2026-02-08T01:13:18.243Z] GET /api/analytics/activity | Origin: undefined | Body: undefined
[2026-02-08T01:13:18.244Z] GET /api/analytics/funnel | Origin: undefined | Body: undefined
[2026-02-08T01:13:48.239Z] GET /api/analytics/dashboard | Origin: undefined | Body: undefined
[2026-02-08T01:13:48.240Z] GET /api/leads/pipeline | Origin: undefined | Body: undefined
[2026-02-08T01:13:48.241Z] GET /api/analytics/activity | Origin: undefined | Body: undefined
[2026-02-08T01:13:48.241Z] GET /api/analytics/funnel | Origin: undefined | Body: undefined
[2026-02-08T01:14:18.230Z] GET /api/analytics/dashboard | Origin: undefined | Body: undefined
[2026-02-08T01:14:18.231Z] GET /api/leads/pipeline | Origin: undefined | Body: undefined
[2026-02-08T01:14:18.231Z] GET /api/analytics/activity | Origin: undefined | Body: undefined
[2026-02-08T01:14:18.231Z] GET /api/analytics/funnel | Origin: undefined | Body: undefined
[2026-02-08T01:14:48.224Z] GET /api/analytics/dashboard | Origin: undefined | Body: undefined
[2026-02-08T01:14:48.225Z] GET /api/leads/pipeline | Origin: undefined | Body: undefined
[2026-02-08T01:14:48.226Z] GET /api/analytics/activity | Origin: undefined | Body: undefined
[2026-02-08T01:14:48.226Z] GET /api/analytics/funnel | Origin: undefined | Body: undefined
[2026-02-08T01:15:18.228Z] GET /api/analytics/dashboard | Origin: undefined | Body: undefined
[2026-02-08T01:15:18.229Z] GET /api/leads/pipeline | Origin: undefined | Body: undefined
[2026-02-08T01:15:18.230Z] GET /api/analytics/activity | Origin: undefined | Body: undefined
[2026-02-08T01:15:18.230Z] GET /api/analytics/funnel | Origin: undefined | Body: undefined
[2026-02-08T01:16:33.233Z] GET /api/analytics/dashboard | Origin: undefined | Body: undefined
[2026-02-08T01:16:33.234Z] GET /api/leads/pipeline | Origin: undefined | Body: undefined
[2026-02-08T01:16:33.234Z] GET /api/analytics/activity | Origin: undefined | Body: undefined
[2026-02-08T01:16:33.235Z] GET /api/analytics/funnel | Origin: undefined | Body: undefined
[2026-02-08T01:17:33.234Z] GET /api/analytics/dashboard | Origin: undefined | Body: undefined
[2026-02-08T01:17:33.235Z] GET /api/leads/pipeline | Origin: undefined | Body: undefined
[2026-02-08T01:17:33.236Z] GET /api/analytics/activity | Origin: undefined | Body: undefined
[2026-02-08T01:17:33.237Z] GET /api/analytics/funnel | Origin: undefined | Body: undefined
[2026-02-08T01:18:33.238Z] GET /api/analytics/dashboard | Origin: undefined | Body: undefined
[2026-02-08T01:18:33.239Z] GET /api/leads/pipeline | Origin: undefined | Body: undefined
[2026-02-08T01:18:33.240Z] GET /api/analytics/activity | Origin: undefined | Body: undefined
[2026-02-08T01:18:33.240Z] GET /api/analytics/funnel | Origin: undefined | Body: undefined
[2026-02-08T01:18:59.292Z] GET /api/analytics/dashboard | Origin: undefined | Body: undefined
[2026-02-08T01:18:59.293Z] GET /api/leads/pipeline | Origin: undefined | Body: undefined
[2026-02-08T01:18:59.294Z] GET /api/analytics/activity | Origin: undefined | Body: undefined
[2026-02-08T01:18:59.295Z] GET /api/analytics/funnel | Origin: undefined | Body: undefined
[2026-02-08T01:18:59.300Z] GET /api/leads/pipeline | Origin: undefined | Body: undefined
[2026-02-08T01:18:59.301Z] GET /api/analytics/funnel | Origin: undefined | Body: undefined
[2026-02-08T01:18:59.303Z] GET /api/analytics/activity | Origin: undefined | Body: undefined
[2026-02-08T01:18:59.309Z] GET /api/analytics/dashboard | Origin: undefined | Body: undefined
[2026-02-08T01:19:30.227Z] GET /api/analytics/dashboard | Origin: undefined | Body: undefined
[2026-02-08T01:19:30.227Z] GET /api/leads/pipeline | Origin: undefined | Body: undefined
[2026-02-08T01:19:30.228Z] GET /api/analytics/activity | Origin: undefined | Body: undefined
[2026-02-08T01:19:30.229Z] GET /api/analytics/funnel | Origin: undefined | Body: undefined
[2026-02-08T01:20:00.234Z] GET /api/analytics/dashboard | Origin: undefined | Body: undefined
[2026-02-08T01:20:00.236Z] GET /api/leads/pipeline | Origin: undefined | Body: undefined
[2026-02-08T01:20:00.236Z] GET /api/analytics/activity | Origin: undefined | Body: undefined
[2026-02-08T01:20:00.237Z] GET /api/analytics/funnel | Origin: undefined | Body: undefined
[2026-02-08T01:20:30.237Z] GET /api/analytics/dashboard | Origin: undefined | Body: undefined
[2026-02-08T01:20:30.238Z] GET /api/leads/pipeline | Origin: undefined | Body: undefined
[2026-02-08T01:20:30.238Z] GET /api/analytics/activity | Origin: undefined | Body: undefined
[2026-02-08T01:20:30.239Z] GET /api/analytics/funnel | Origin: undefined | Body: undefined
[2026-02-08T01:21:00.234Z] GET /api/analytics/dashboard | Origin: undefined | Body: undefined
[2026-02-08T01:21:00.235Z] GET /api/leads/pipeline | Origin: undefined | Body: undefined
[2026-02-08T01:21:00.236Z] GET /api/analytics/activity | Origin: undefined | Body: undefined
[2026-02-08T01:21:00.237Z] GET /api/analytics/funnel | Origin: undefined | Body: undefined
[2026-02-08T01:21:30.236Z] GET /api/analytics/dashboard | Origin: undefined | Body: undefined
[2026-02-08T01:21:30.237Z] GET /api/leads/pipeline | Origin: undefined | Body: undefined
[2026-02-08T01:21:30.238Z] GET /api/analytics/activity | Origin: undefined | Body: undefined
[2026-02-08T01:21:30.238Z] GET /api/analytics/funnel | Origin: undefined | Body: undefined
[2026-02-08T01:22:33.232Z] GET /api/analytics/dashboard | Origin: undefined | Body: undefined
[2026-02-08T01:22:33.232Z] GET /api/leads/pipeline | Origin: undefined | Body: undefined
[2026-02-08T01:22:33.233Z] GET /api/analytics/activity | Origin: undefined | Body: undefined
[2026-02-08T01:22:33.234Z] GET /api/analytics/funnel | Origin: undefined | Body: undefined
[2026-02-08T01:23:30.290Z] GET /api/analytics/dashboard | Origin: undefined | Body: undefined
[2026-02-08T01:23:30.291Z] GET /api/leads/pipeline | Origin: undefined | Body: undefined
[2026-02-08T01:23:30.292Z] GET /api/analytics/activity | Origin: undefined | Body: undefined
[2026-02-08T01:23:30.292Z] GET /api/analytics/funnel | Origin: undefined | Body: undefined
[2026-02-08T01:23:39.280Z] GET /api/analytics/dashboard | Origin: undefined | Body: undefined
[2026-02-08T01:23:39.281Z] GET /api/leads/pipeline | Origin: undefined | Body: undefined
[2026-02-08T01:23:39.282Z] GET /api/analytics/activity | Origin: undefined | Body: undefined
[2026-02-08T01:23:39.283Z] GET /api/analytics/funnel | Origin: undefined | Body: undefined
[2026-02-08T01:23:39.289Z] GET /api/leads/pipeline | Origin: undefined | Body: undefined
[2026-02-08T01:23:39.290Z] GET /api/analytics/funnel | Origin: undefined | Body: undefined
[2026-02-08T01:23:39.291Z] GET /api/analytics/activity | Origin: undefined | Body: undefined
[2026-02-08T01:23:39.292Z] GET /api/analytics/dashboard | Origin: undefined | Body: undefined
[2026-02-08T01:24:10.237Z] GET /api/analytics/dashboard | Origin: undefined | Body: undefined
[2026-02-08T01:24:10.238Z] GET /api/leads/pipeline | Origin: undefined | Body: undefined
[2026-02-08T01:24:10.238Z] GET /api/analytics/activity | Origin: undefined | Body: undefined
[2026-02-08T01:24:10.239Z] GET /api/analytics/funnel | Origin: undefined | Body: undefined
[2026-02-08T01:24:17.272Z] GET /api/analytics/dashboard | Origin: undefined | Body: undefined
[2026-02-08T01:24:17.273Z] GET /api/leads/pipeline | Origin: undefined | Body: undefined
[2026-02-08T01:24:17.274Z] GET /api/analytics/activity | Origin: undefined | Body: undefined
[2026-02-08T01:24:17.274Z] GET /api/analytics/funnel | Origin: undefined | Body: undefined
[2026-02-08T01:24:17.280Z] GET /api/leads/pipeline | Origin: undefined | Body: undefined
[2026-02-08T01:24:17.282Z] GET /api/analytics/funnel | Origin: undefined | Body: undefined
[2026-02-08T01:24:17.284Z] GET /api/analytics/activity | Origin: undefined | Body: undefined
[2026-02-08T01:24:17.285Z] GET /api/analytics/dashboard | Origin: undefined | Body: undefined
[2026-02-08T01:24:48.228Z] GET /api/analytics/dashboard | Origin: undefined | Body: undefined
[2026-02-08T01:24:48.229Z] GET /api/leads/pipeline | Origin: undefined | Body: undefined
[2026-02-08T01:24:48.230Z] GET /api/analytics/activity | Origin: undefined | Body: undefined
[2026-02-08T01:24:48.230Z] GET /api/analytics/funnel | Origin: undefined | Body: undefined
[2026-02-08T01:25:18.232Z] GET /api/analytics/dashboard | Origin: undefined | Body: undefined
[2026-02-08T01:25:18.233Z] GET /api/leads/pipeline | Origin: undefined | Body: undefined
[2026-02-08T01:25:18.233Z] GET /api/analytics/activity | Origin: undefined | Body: undefined
[2026-02-08T01:25:18.234Z] GET /api/analytics/funnel | Origin: undefined | Body: undefined
[2026-02-08T01:25:48.232Z] GET /api/analytics/dashboard | Origin: undefined | Body: undefined
[2026-02-08T01:25:48.233Z] GET /api/leads/pipeline | Origin: undefined | Body: undefined
[2026-02-08T01:25:48.234Z] GET /api/analytics/activity | Origin: undefined | Body: undefined
[2026-02-08T01:25:48.234Z] GET /api/analytics/funnel | Origin: undefined | Body: undefined
[2026-02-08T01:26:18.233Z] GET /api/analytics/dashboard | Origin: undefined | Body: undefined
[2026-02-08T01:26:18.234Z] GET /api/leads/pipeline | Origin: undefined | Body: undefined
[2026-02-08T01:26:18.235Z] GET /api/analytics/activity | Origin: undefined | Body: undefined
[2026-02-08T01:26:18.235Z] GET /api/analytics/funnel | Origin: undefined | Body: undefined
[2026-02-08T01:26:48.228Z] GET /api/analytics/dashboard | Origin: undefined | Body: undefined
[2026-02-08T01:26:48.228Z] GET /api/leads/pipeline | Origin: undefined | Body: undefined
[2026-02-08T01:26:48.229Z] GET /api/analytics/activity | Origin: undefined | Body: undefined
[2026-02-08T01:26:48.230Z] GET /api/analytics/funnel | Origin: undefined | Body: undefined
[2026-02-08T01:27:33.237Z] GET /api/analytics/dashboard | Origin: undefined | Body: undefined
[2026-02-08T01:27:33.238Z] GET /api/leads/pipeline | Origin: undefined | Body: undefined
[2026-02-08T01:27:33.238Z] GET /api/analytics/activity | Origin: undefined | Body: undefined
[2026-02-08T01:27:33.239Z] GET /api/analytics/funnel | Origin: undefined | Body: undefined
[2026-02-08T01:28:33.234Z] GET /api/analytics/dashboard | Origin: undefined | Body: undefined
[2026-02-08T01:28:33.235Z] GET /api/leads/pipeline | Origin: undefined | Body: undefined
[2026-02-08T01:28:33.237Z] GET /api/analytics/activity | Origin: undefined | Body: undefined
[2026-02-08T01:28:33.238Z] GET /api/analytics/funnel | Origin: undefined | Body: undefined
[2026-02-08T01:29:33.230Z] GET /api/analytics/dashboard | Origin: undefined | Body: undefined
[2026-02-08T01:29:33.231Z] GET /api/leads/pipeline | Origin: undefined | Body: undefined
[2026-02-08T01:29:33.232Z] GET /api/analytics/activity | Origin: undefined | Body: undefined
[2026-02-08T01:29:33.232Z] GET /api/analytics/funnel | Origin: undefined | Body: undefined
[2026-02-08T01:30:33.232Z] GET /api/analytics/dashboard | Origin: undefined | Body: undefined
[2026-02-08T01:30:33.233Z] GET /api/leads/pipeline | Origin: undefined | Body: undefined
[2026-02-08T01:30:33.234Z] GET /api/analytics/activity | Origin: undefined | Body: undefined
[2026-02-08T01:30:33.234Z] GET /api/analytics/funnel | Origin: undefined | Body: undefined
[2026-02-08T01:31:33.229Z] GET /api/analytics/dashboard | Origin: undefined | Body: undefined
[2026-02-08T01:31:33.230Z] GET /api/leads/pipeline | Origin: undefined | Body: undefined
[2026-02-08T01:31:33.231Z] GET /api/analytics/activity | Origin: undefined | Body: undefined
[2026-02-08T01:31:33.231Z] GET /api/analytics/funnel | Origin: undefined | Body: undefined
[2026-02-08T01:32:33.233Z] GET /api/analytics/dashboard | Origin: undefined | Body: undefined
[2026-02-08T01:32:33.234Z] GET /api/leads/pipeline | Origin: undefined | Body: undefined
[2026-02-08T01:32:33.235Z] GET /api/analytics/activity | Origin: undefined | Body: undefined
[2026-02-08T01:32:33.235Z] GET /api/analytics/funnel | Origin: undefined | Body: undefined
[2026-02-08T01:33:33.239Z] GET /api/analytics/dashboard | Origin: undefined | Body: undefined
[2026-02-08T01:33:33.240Z] GET /api/leads/pipeline | Origin: undefined | Body: undefined
[2026-02-08T01:33:33.241Z] GET /api/analytics/activity | Origin: undefined | Body: undefined
[2026-02-08T01:33:33.242Z] GET /api/analytics/funnel | Origin: undefined | Body: undefined
[2026-02-08T01:34:33.231Z] GET /api/analytics/dashboard | Origin: undefined | Body: undefined
[2026-02-08T01:34:33.232Z] GET /api/leads/pipeline | Origin: undefined | Body: undefined
[2026-02-08T01:34:33.232Z] GET /api/analytics/activity | Origin: undefined | Body: undefined
[2026-02-08T01:34:33.233Z] GET /api/analytics/funnel | Origin: undefined | Body: undefined
[2026-02-08T01:35:33.231Z] GET /api/analytics/dashboard | Origin: undefined | Body: undefined
[2026-02-08T01:35:33.232Z] GET /api/leads/pipeline | Origin: undefined | Body: undefined
[2026-02-08T01:35:33.233Z] GET /api/analytics/activity | Origin: undefined | Body: undefined
[2026-02-08T01:35:33.234Z] GET /api/analytics/funnel | Origin: undefined | Body: undefined
[2026-02-08T01:36:33.240Z] GET /api/analytics/dashboard | Origin: undefined | Body: undefined
[2026-02-08T01:36:33.241Z] GET /api/leads/pipeline | Origin: undefined | Body: undefined
[2026-02-08T01:36:33.242Z] GET /api/analytics/activity | Origin: undefined | Body: undefined
[2026-02-08T01:36:33.242Z] GET /api/analytics/funnel | Origin: undefined | Body: undefined
[2026-02-08T01:37:33.243Z] GET /api/analytics/dashboard | Origin: undefined | Body: undefined
[2026-02-08T01:37:33.244Z] GET /api/leads/pipeline | Origin: undefined | Body: undefined
[2026-02-08T01:37:33.244Z] GET /api/analytics/activity | Origin: undefined | Body: undefined
[2026-02-08T01:37:33.245Z] GET /api/analytics/funnel | Origin: undefined | Body: undefined
[2026-02-08T01:38:33.236Z] GET /api/analytics/dashboard | Origin: undefined | Body: undefined
[2026-02-08T01:38:33.237Z] GET /api/leads/pipeline | Origin: undefined | Body: undefined
[2026-02-08T01:38:33.237Z] GET /api/analytics/activity | Origin: undefined | Body: undefined
[2026-02-08T01:38:33.238Z] GET /api/analytics/funnel | Origin: undefined | Body: undefined
[2026-02-08T01:39:33.228Z] GET /api/analytics/dashboard | Origin: undefined | Body: undefined
[2026-02-08T01:39:33.228Z] GET /api/leads/pipeline | Origin: undefined | Body: undefined
[2026-02-08T01:39:33.229Z] GET /api/analytics/activity | Origin: undefined | Body: undefined
[2026-02-08T01:39:33.230Z] GET /api/analytics/funnel | Origin: undefined | Body: undefined
[2026-02-08T01:40:33.238Z] GET /api/analytics/dashboard | Origin: undefined | Body: undefined
[2026-02-08T01:40:33.239Z] GET /api/leads/pipeline | Origin: undefined | Body: undefined
[2026-02-08T01:40:33.239Z] GET /api/analytics/activity | Origin: undefined | Body: undefined
[2026-02-08T01:40:33.240Z] GET /api/analytics/funnel | Origin: undefined | Body: undefined
[2026-02-08T01:41:33.227Z] GET /api/analytics/dashboard | Origin: undefined | Body: undefined
[2026-02-08T01:41:33.227Z] GET /api/leads/pipeline | Origin: undefined | Body: undefined
[2026-02-08T01:41:33.228Z] GET /api/analytics/activity | Origin: undefined | Body: undefined
[2026-02-08T01:41:33.228Z] GET /api/analytics/funnel | Origin: undefined | Body: undefined
[2026-02-08T01:42:33.224Z] GET /api/analytics/dashboard | Origin: undefined | Body: undefined
[2026-02-08T01:42:33.225Z] GET /api/leads/pipeline | Origin: undefined | Body: undefined
[2026-02-08T01:42:33.226Z] GET /api/analytics/activity | Origin: undefined | Body: undefined
[2026-02-08T01:42:33.226Z] GET /api/analytics/funnel | Origin: undefined | Body: undefined
[2026-02-08T01:43:33.230Z] GET /api/analytics/dashboard | Origin: undefined | Body: undefined
[2026-02-08T01:43:33.231Z] GET /api/leads/pipeline | Origin: undefined | Body: undefined
[2026-02-08T01:43:33.232Z] GET /api/analytics/activity | Origin: undefined | Body: undefined
[2026-02-08T01:43:33.232Z] GET /api/analytics/funnel | Origin: undefined | Body: undefined
[2026-02-08T01:44:33.234Z] GET /api/analytics/dashboard | Origin: undefined | Body: undefined
[2026-02-08T01:44:33.235Z] GET /api/leads/pipeline | Origin: undefined | Body: undefined
[2026-02-08T01:44:33.236Z] GET /api/analytics/activity | Origin: undefined | Body: undefined
[2026-02-08T01:44:33.236Z] GET /api/analytics/funnel | Origin: undefined | Body: undefined
[2026-02-08T01:45:33.233Z] GET /api/analytics/dashboard | Origin: undefined | Body: undefined
[2026-02-08T01:45:33.234Z] GET /api/leads/pipeline | Origin: undefined | Body: undefined
[2026-02-08T01:45:33.235Z] GET /api/analytics/activity | Origin: undefined | Body: undefined
[2026-02-08T01:45:33.236Z] GET /api/analytics/funnel | Origin: undefined | Body: undefined
[2026-02-08T01:46:33.226Z] GET /api/analytics/dashboard | Origin: undefined | Body: undefined
[2026-02-08T01:46:33.227Z] GET /api/leads/pipeline | Origin: undefined | Body: undefined
[2026-02-08T01:46:33.228Z] GET /api/analytics/activity | Origin: undefined | Body: undefined
[2026-02-08T01:46:33.229Z] GET /api/analytics/funnel | Origin: undefined | Body: undefined
[2026-02-08T01:47:33.237Z] GET /api/analytics/dashboard | Origin: undefined | Body: undefined
[2026-02-08T01:47:33.237Z] GET /api/leads/pipeline | Origin: undefined | Body: undefined
[2026-02-08T01:47:33.238Z] GET /api/analytics/activity | Origin: undefined | Body: undefined
[2026-02-08T01:47:33.238Z] GET /api/analytics/funnel | Origin: undefined | Body: undefined
[2026-02-08T01:48:33.229Z] GET /api/analytics/dashboard | Origin: undefined | Body: undefined
[2026-02-08T01:48:33.230Z] GET /api/leads/pipeline | Origin: undefined | Body: undefined
[2026-02-08T01:48:33.230Z] GET /api/analytics/activity | Origin: undefined | Body: undefined
[2026-02-08T01:48:33.231Z] GET /api/analytics/funnel | Origin: undefined | Body: undefined
[2026-02-08T01:49:33.234Z] GET /api/analytics/dashboard | Origin: undefined | Body: undefined
[2026-02-08T01:49:33.235Z] GET /api/leads/pipeline | Origin: undefined | Body: undefined
[2026-02-08T01:49:33.235Z] GET /api/analytics/activity | Origin: undefined | Body: undefined
[2026-02-08T01:49:33.236Z] GET /api/analytics/funnel | Origin: undefined | Body: undefined
[2026-02-08T01:50:33.240Z] GET /api/analytics/dashboard | Origin: undefined | Body: undefined
[2026-02-08T01:50:33.241Z] GET /api/leads/pipeline | Origin: undefined | Body: undefined
[2026-02-08T01:50:33.241Z] GET /api/analytics/activity | Origin: undefined | Body: undefined
[2026-02-08T01:50:33.242Z] GET /api/analytics/funnel | Origin: undefined | Body: undefined
[2026-02-08T01:51:33.229Z] GET /api/analytics/dashboard | Origin: undefined | Body: undefined
[2026-02-08T01:51:33.230Z] GET /api/leads/pipeline | Origin: undefined | Body: undefined
[2026-02-08T01:51:33.230Z] GET /api/analytics/activity | Origin: undefined | Body: undefined
[2026-02-08T01:51:33.231Z] GET /api/analytics/funnel | Origin: undefined | Body: undefined
[2026-02-08T01:52:33.237Z] GET /api/analytics/dashboard | Origin: undefined | Body: undefined
[2026-02-08T01:52:33.238Z] GET /api/leads/pipeline | Origin: undefined | Body: undefined
[2026-02-08T01:52:33.238Z] GET /api/analytics/activity | Origin: undefined | Body: undefined
[2026-02-08T01:52:33.239Z] GET /api/analytics/funnel | Origin: undefined | Body: undefined
[2026-02-08T01:53:33.232Z] GET /api/analytics/dashboard | Origin: undefined | Body: undefined
[2026-02-08T01:53:33.234Z] GET /api/leads/pipeline | Origin: undefined | Body: undefined
[2026-02-08T01:53:33.234Z] GET /api/analytics/activity | Origin: undefined | Body: undefined
[2026-02-08T01:53:33.235Z] GET /api/analytics/funnel | Origin: undefined | Body: undefined
[2026-02-08T01:54:33.225Z] GET /api/analytics/dashboard | Origin: undefined | Body: undefined
[2026-02-08T01:54:33.226Z] GET /api/leads/pipeline | Origin: undefined | Body: undefined
[2026-02-08T01:54:33.227Z] GET /api/analytics/activity | Origin: undefined | Body: undefined
[2026-02-08T01:54:33.227Z] GET /api/analytics/funnel | Origin: undefined | Body: undefined
[2026-02-08T01:55:33.237Z] GET /api/analytics/dashboard | Origin: undefined | Body: undefined
[2026-02-08T01:55:33.237Z] GET /api/leads/pipeline | Origin: undefined | Body: undefined
[2026-02-08T01:55:33.238Z] GET /api/analytics/activity | Origin: undefined | Body: undefined
[2026-02-08T01:55:33.238Z] GET /api/analytics/funnel | Origin: undefined | Body: undefined
[2026-02-08T16:45:28.626Z] POST /api/auth/login | Origin: undefined | Body: {"email":"admin@quarks.com","password":"admin"}
[2026-02-08T16:46:10.289Z] POST /api/auth/login | Origin: undefined | Body: {"email":"master@quarks.solar","password":"master123"}
[2026-02-08T16:46:21.253Z] POST /api/auth/login | Origin: undefined | Body: {"email":"master@quarks.solar","password":"master123"}
[2026-02-08T16:46:57.889Z] POST /api/auth/login | Origin: undefined | Body: {"email":"master@quarks.solar","password":"master123"}
[2026-02-08T16:47:06.586Z] POST /api/auth/login | Origin: undefined | Body: {"email":"master@quarks.solar","password":"master123"}
[2026-02-08T16:47:54.498Z] POST /api/auth/login | Origin: undefined | Body: {"email":"master@quarks.solar","password":"master123"}
[2026-02-08T16:47:54.608Z] POST /api/inventory/products | Origin: undefined | Body: {"sku":"TEST-1770569274606","name":"Test Inverter 5kW","type":"INVERTER","costPrice":2500,"supplier":"GoodWe"}
[2026-02-08T16:47:54.657Z] GET /api/inventory/products | Origin: undefined | Body: undefined
[2026-02-08T16:47:54.665Z] POST /api/services | Origin: undefined | Body: {"name":"Instalação Básica","type":"INSTALLATION","description":"Instalação em telhado cerâmico"}
[2026-02-08T16:47:54.702Z] POST /api/services/prices | Origin: undefined | Body: {"serviceId":"4cef9583-020b-45fb-9b7c-20b504655f4f","priceType":"PER_WATT","priceValue":0.8,"minPower":0,"maxPower":10}
[2026-02-08T16:50:34.226Z] POST /api/auth/login | Origin: undefined | Body: {"email":"master@quarks.solar","password":"master123"}
[2026-02-08T16:50:34.300Z] POST /api/pricing-rules | Origin: undefined | Body: {"name":"Usina Solo 75kW+","minPower":75,"maxPower":500,"targetMargin":0.15,"taxRate":0.1}
[2026-02-08T16:50:34.336Z] GET /api/pricing-rules/match?kWp=100 | Origin: undefined | Body: undefined
[2026-02-08T16:50:34.341Z] GET /api/pricing-rules/match?kWp=5 | Origin: undefined | Body: undefined
[2026-02-08T16:52:21.261Z] POST /api/auth/login | Origin: undefined | Body: {"email":"master@quarks.solar","password":"master123"}
[2026-02-08T16:52:21.362Z] POST /api/inventory/products | Origin: undefined | Body: {"sku":"MOD-550-1770569541360","name":"Módulo 550W Test","type":"MODULE","costPrice":500,"supplier":"TestSupplier"}
[2026-02-08T16:52:21.366Z] POST /api/inventory/products | Origin: undefined | Body: {"sku":"INV-5KW-1770569541365","name":"Inversor 5kW Test","type":"INVERTER","costPrice":2500,"supplier":"TestSupplier"}
[2026-02-08T16:52:21.371Z] POST /api/inventory/kits | Origin: undefined | Body: {"name":"Kit 5.5kWp Teste","description":"Kit de teste automatizado","items":[{"productId":"92f894d6-f14d-48bc-901b-bdf583ae769a","quantity":1},{"productId":"ba2dd9dd-d985-4200-bd3c-df5ace1a864e","quantity":10}]}
[2026-02-08T16:52:21.380Z] GET /api/inventory/kits/e550b570-6538-4f1b-9077-bcff464e459a | Origin: undefined | Body: undefined
[2026-02-08T17:31:44.389Z] POST /api/auth/login | Origin: undefined | Body: {"email":"master@quarks.solar","password":"master123"}
[2026-02-08T17:31:44.619Z] POST /api/leads | Origin: undefined | Body: {"name":"Proposal Test Lead","email":"prop.test.1770571904618@test.com","phone":"11999999999","state":"SP"}
[2026-02-08T17:31:44.667Z] GET /api/inventory/kits | Origin: undefined | Body: undefined
[2026-02-08T17:31:44.706Z] POST /api/proposals/draft | Origin: undefined | Body: {"lead":{"id":"952da71a-1082-4779-92a1-f2cdd6211e6a"},"kit":{"id":"e550b570-6538-4f1b-9077-bcff464e459a"},"calculation":{"system_size":5.5,"estimated_generation":600,"monthly_savings":550},"notes":"Automated Test Proposal"}
[2026-02-08T17:32:50.539Z] POST /api/auth/login | Origin: undefined | Body: {"email":"master@quarks.solar","password":"master123"}
[2026-02-08T17:32:50.612Z] POST /api/leads | Origin: undefined | Body: {"name":"Proposal Test Lead","email":"prop.test.1770571970610@test.com","phone":"11999999999","state":"SP"}
[2026-02-08T17:32:50.618Z] GET /api/inventory/kits | Origin: undefined | Body: undefined
[2026-02-08T17:32:50.622Z] POST /api/proposals/draft | Origin: undefined | Body: {"lead":{"id":"0bc2427b-83c2-403d-afb8-90c540604bc8"},"kit":{"id":"e550b570-6538-4f1b-9077-bcff464e459a"},"calculation":{"system_size":5.5,"estimated_generation":600,"monthly_savings":550},"notes":"Automated Test Proposal"}
[2026-02-08T17:33:22.132Z] POST /api/auth/login | Origin: undefined | Body: {"email":"master@quarks.solar","password":"master123"}
[2026-02-08T17:33:22.242Z] POST /api/leads | Origin: undefined | Body: {"name":"Proposal Test Lead","email":"prop.test.1770572002241@test.com","phone":"11999999999","state":"SP"}
[2026-02-08T17:33:22.384Z] GET /api/inventory/kits | Origin: undefined | Body: undefined
[2026-02-08T17:33:22.419Z] POST /api/proposals/draft | Origin: undefined | Body: {"lead":{"id":"334205e2-f9f7-4974-9f87-3f84edd19e88"},"kit":{"id":"e550b570-6538-4f1b-9077-bcff464e459a"},"calculation":{"system_size":5.5,"estimated_generation":600,"monthly_savings":550},"notes":"Automated Test Proposal"}
[2026-02-08T17:46:34.613Z] POST /api/auth/login | Origin: undefined | Body: {"email":"master@quarks.solar","password":"master123"}
[2026-02-08T17:46:34.717Z] POST /api/leads | Origin: undefined | Body: {"name":"Proposal Test Lead","email":"prop.test.1770572794716@test.com","phone":"11999999999","state":"SP"}
[2026-02-08T17:46:34.855Z] GET /api/inventory/kits | Origin: undefined | Body: undefined
[2026-02-08T17:46:34.891Z] POST /api/proposals/draft | Origin: undefined | Body: {"lead":{"id":"5173b6b1-94a3-495e-8d74-ddd6244fa0d6"},"kit":{"id":"e550b570-6538-4f1b-9077-bcff464e459a"},"calculation":{"system_size":5.5,"estimated_generation":600,"monthly_savings":550},"notes":"Automated Test Proposal"}
[2026-02-08T17:47:13.496Z] POST /api/auth/login | Origin: undefined | Body: {"email":"master@quarks.solar","password":"master123"}
[2026-02-08T17:47:13.570Z] POST /api/leads | Origin: undefined | Body: {"name":"Proposal Test Lead","email":"prop.test.1770572833568@test.com","phone":"11999999999","state":"SP"}
[2026-02-08T17:47:13.576Z] GET /api/inventory/kits | Origin: undefined | Body: undefined
[2026-02-08T17:47:13.582Z] POST /api/proposals/draft | Origin: undefined | Body: {"lead":{"id":"454fe2a4-73b0-49c0-aa8d-9380a7a16e65"},"kit":{"id":"e550b570-6538-4f1b-9077-bcff464e459a"},"calculation":{"system_size":5.5,"estimated_generation":600,"monthly_savings":550},"notes":"Automated Test Proposal"}
[2026-02-08T17:47:50.996Z] POST /api/auth/login | Origin: undefined | Body: {"email":"master@quarks.solar","password":"master123"}
[2026-02-08T17:47:51.105Z] POST /api/leads | Origin: undefined | Body: {"name":"Proposal Test Lead","email":"prop.test.1770572871104@test.com","phone":"11999999999","state":"SP"}
[2026-02-08T17:47:51.142Z] GET /api/inventory/kits | Origin: undefined | Body: undefined
[2026-02-08T17:47:51.179Z] POST /api/proposals/draft | Origin: undefined | Body: {"lead":{"id":"3cf2ff1c-112c-47d1-89f7-804ec53c0d2d"},"kit":{"id":"e550b570-6538-4f1b-9077-bcff464e459a"},"calculation":{"system_size":5.5,"estimated_generation":600,"monthly_savings":550},"notes":"Automated Test Proposal"}
[2026-02-08T17:48:00.289Z] POST /api/auth/login | Origin: undefined | Body: {"email":"master@quarks.solar","password":"master123"}
[2026-02-08T17:48:00.363Z] POST /api/leads | Origin: undefined | Body: {"name":"Proposal Test Lead","email":"prop.test.1770572880361@test.com","phone":"11999999999","state":"SP"}
[2026-02-08T17:48:00.369Z] GET /api/inventory/kits | Origin: undefined | Body: undefined
[2026-02-08T17:48:00.373Z] POST /api/proposals/draft | Origin: undefined | Body: {"lead":{"id":"727dde7a-135e-410a-a508-87faa05cf26a"},"kit":{"id":"e550b570-6538-4f1b-9077-bcff464e459a"},"calculation":{"system_size":5.5,"estimated_generation":600,"monthly_savings":550},"notes":"Automated Test Proposal"}
[2026-02-08T17:48:16.423Z] POST /api/auth/login | Origin: undefined | Body: {"email":"master@quarks.solar","password":"master123"}
[2026-02-08T17:48:16.498Z] POST /api/leads | Origin: undefined | Body: {"name":"Proposal Test Lead","email":"prop.test.1770572896496@test.com","phone":"11999999999","state":"SP"}
[2026-02-08T17:48:16.504Z] GET /api/inventory/kits | Origin: undefined | Body: undefined
[2026-02-08T17:48:16.508Z] POST /api/proposals/draft | Origin: undefined | Body: {"leadId":"a55505bf-257b-4a68-a488-7f2e53193a84","kitId":"e550b570-6538-4f1b-9077-bcff464e459a","calculation":{"system_size":5.5,"estimated_generation":600,"monthly_savings":550},"notes":"Automated Test Proposal"}
[2026-02-08T20:31:37.264Z] POST /api/auth/login | Origin: undefined | Body: {"email":"master@quarks.solar","password":"master123"}
[2026-02-08T20:31:37.375Z] POST /api/leads | Origin: undefined | Body: {"name":"Proposal Test Lead","email":"prop.test.1770582697373@test.com","phone":"11999999999","state":"SP"}
[2026-02-08T20:31:37.412Z] GET /api/inventory/kits | Origin: undefined | Body: undefined
[2026-02-08T20:31:37.448Z] POST /api/proposals/draft | Origin: undefined | Body: {"leadId":"07422d7a-5eda-41f1-bbd3-999f553d21a1","kitId":"e550b570-6538-4f1b-9077-bcff464e459a","calculation":{"system_size":5.5,"estimated_generation":600,"monthly_savings":550},"notes":"Automated Test Proposal"}
[2026-02-08T20:32:03.310Z] POST /api/auth/login | Origin: undefined | Body: {"email":"master@quarks.solar","password":"master123"}
[2026-02-08T20:32:03.382Z] POST /api/leads | Origin: undefined | Body: {"name":"Proposal Test Lead","email":"prop.test.1770582723380@test.com","phone":"11999999999","state":"SP"}
[2026-02-08T20:32:03.386Z] GET /api/inventory/kits | Origin: undefined | Body: undefined
[2026-02-08T20:32:03.390Z] POST /api/proposals/draft | Origin: undefined | Body: {"leadId":"9fa6a47b-965c-4a08-af08-048c76641bd9","kitId":"e550b570-6538-4f1b-9077-bcff464e459a","calculation":{"system_size":5.5,"estimated_generation":600,"monthly_savings":550},"notes":"Automated Test Proposal"}
[2026-02-08T20:32:23.840Z] POST /api/auth/login | Origin: undefined | Body: {"email":"master@quarks.solar","password":"master123"}
[2026-02-08T20:32:23.911Z] POST /api/leads | Origin: undefined | Body: {"name":"Proposal Test Lead","email":"prop.test.1770582743909@test.com","phone":"11999999999","state":"SP"}
[2026-02-08T20:32:23.916Z] GET /api/inventory/kits | Origin: undefined | Body: undefined
[2026-02-08T20:32:23.921Z] POST /api/proposals/draft | Origin: undefined | Body: {"leadId":"38cb48dd-ffa8-46b0-a316-d390a621611c","kitId":"e550b570-6538-4f1b-9077-bcff464e459a","calculation":{"system_size":5.5,"estimated_generation":600,"monthly_savings":550},"notes":"Automated Test Proposal"}
[2026-02-08T20:33:36.012Z] POST /api/auth/login | Origin: undefined | Body: {"email":"master@quarks.solar","password":"master123"}
[2026-02-08T20:33:36.123Z] POST /api/leads | Origin: undefined | Body: {"name":"Proposal Test Lead","email":"prop.test.1770582816121@test.com","phone":"11999999999","state":"SP"}
[2026-02-08T20:33:36.163Z] GET /api/inventory/kits | Origin: undefined | Body: undefined
[2026-02-08T20:33:36.198Z] POST /api/proposals/draft | Origin: undefined | Body: {"leadId":"bcf4d36b-f5dd-4949-9f1a-cd1d3ac99c0a","kitId":"e550b570-6538-4f1b-9077-bcff464e459a","calculation":{"system_size":5.5,"estimated_generation":600,"monthly_savings":550},"notes":"Automated Test Proposal"}
[2026-02-08T20:34:30.557Z] POST /api/auth/login | Origin: undefined | Body: {"email":"master@quarks.solar","password":"master123"}
[2026-02-08T20:34:30.666Z] POST /api/leads | Origin: undefined | Body: {"name":"Proposal Test Lead","email":"prop.test.1770582870665@test.com","phone":"11999999999","state":"SP"}
[2026-02-08T20:34:30.704Z] GET /api/inventory/kits | Origin: undefined | Body: undefined
[2026-02-08T20:34:30.740Z] POST /api/proposals/draft | Origin: undefined | Body: {"leadId":"b04ac3d2-04a0-439f-b85d-abf7f837ed39","kitId":"e550b570-6538-4f1b-9077-bcff464e459a","calculation":{"system_size":5.5,"estimated_generation":600,"monthly_savings":550},"notes":"Automated Test Proposal"}
[2026-02-08T20:35:55.519Z] POST /api/auth/login | Origin: undefined | Body: {"email":"master@quarks.solar","password":"master123"}
[2026-02-08T20:35:55.644Z] POST /api/leads | Origin: undefined | Body: {"name":"Proposal Test Lead","email":"prop.test.1770582955643@test.com","phone":"11999999999","state":"SP"}
[2026-02-08T20:35:55.681Z] GET /api/inventory/kits | Origin: undefined | Body: undefined
[2026-02-08T20:35:55.716Z] POST /api/proposals/draft | Origin: undefined | Body: {"leadId":"7f425493-8969-4762-aeb8-956671a5ebf0","kitId":"e550b570-6538-4f1b-9077-bcff464e459a","calculation":{"system_size":5.5,"estimated_generation":600,"monthly_savings":550},"notes":"Automated Test Proposal"}
